// Jest Snapshot v1, https://goo.gl/fbAQLP

exports[`MessageCard renders correctly with given text 1`] = `null`;
